../Core/Src/main.c:117:6:HAL_SPI_TxRxCpltCallback	16	static,ignoring_inline_asm
../Core/Src/main.c:144:5:main	8	static
../Core/Src/main.c:255:6:SystemClock_Config	88	static
../Core/Src/main.c:302:13:MX_CRC_Init	8	static
../Core/Src/main.c:328:13:MX_SPI1_Init	8	static
../Core/Src/main.c:366:13:MX_TIM1_Init	32	static
../Core/Src/main.c:412:13:MX_UART4_Init	8	static
../Core/Src/main.c:443:13:MX_DMA_Init	16	static
../Core/Src/main.c:464:13:MX_GPIO_Init	40	static
../Core/Src/main.c:513:6:Error_Handler	4	static,ignoring_inline_asm
