../Core/Src/main.c:82:6:HAL_GPIO_EXTI_Callback	16	static
../Core/Src/main.c:96:6:HAL_SPI_TxRxCpltCallback	16	static
../Core/Src/main.c:115:5:main	8	static
../Core/Src/main.c:175:6:SystemClock_Config	88	static
../Core/Src/main.c:222:13:MX_CRC_Init	8	static
../Core/Src/main.c:248:13:MX_SPI1_Init	8	static
../Core/Src/main.c:286:13:MX_TIM1_Init	32	static
../Core/Src/main.c:332:13:MX_UART4_Init	8	static
../Core/Src/main.c:365:13:MX_GPIO_Init	40	static
../Core/Src/main.c:414:6:Error_Handler	4	static,ignoring_inline_asm
