../Core/Src/stm32f4xx_it.c:87:6:NMI_Handler	4	static
../Core/Src/stm32f4xx_it.c:100:6:HardFault_Handler	4	static
../Core/Src/stm32f4xx_it.c:113:6:MemManage_Handler	4	static
../Core/Src/stm32f4xx_it.c:126:6:BusFault_Handler	4	static
../Core/Src/stm32f4xx_it.c:139:6:UsageFault_Handler	4	static
../Core/Src/stm32f4xx_it.c:152:6:SVC_Handler	4	static
../Core/Src/stm32f4xx_it.c:164:6:DebugMon_Handler	4	static
../Core/Src/stm32f4xx_it.c:176:6:PendSV_Handler	4	static
../Core/Src/stm32f4xx_it.c:188:6:SysTick_Handler	8	static
../Core/Src/stm32f4xx_it.c:208:6:EXTI4_IRQHandler	8	static
../Core/Src/stm32f4xx_it.c:221:6:TIM1_UP_TIM10_IRQHandler	8	static
../Core/Src/stm32f4xx_it.c:234:6:SPI1_IRQHandler	8	static
../Core/Src/stm32f4xx_it.c:283:6:DMA2_Stream0_IRQHandler	8	static
../Core/Src/stm32f4xx_it.c:296:6:DMA2_Stream3_IRQHandler	8	static
